// Jest Snapshot v1, https://goo.gl/fbAQLP

exports[`render renders correctly 1`] = `
<div>
  <div>
    <a
      href="/"
    >
      Home
    </a>
  </div>
  <br />
  <div
    className="game"
  >
    <div
      className="game-board"
    >
      <div>
        <div
          className="board-row"
        >
          <span>
            <button
              className="square"
              onClick={[Function]}
            />
          </span>
          <span>
            <button
              className="square"
              onClick={[Function]}
            />
          </span>
          <span>
            <button
              className="square"
              onClick={[Function]}
            />
          </span>
          <span>
            <button
              className="square"
              onClick={[Function]}
            />
          </span>
          <span>
            <button
              className="square"
              onClick={[Function]}
            />
          </span>
          <span>
            <button
              className="square"
              onClick={[Function]}
            />
          </span>
          <span>
            <button
              className="square"
              onClick={[Function]}
            />
          </span>
          <span>
            <button
              className="square"
              onClick={[Function]}
            />
          </span>
          <span>
            <button
              className="square"
              onClick={[Function]}
            />
          </span>
          <span>
            <button
              className="square"
              onClick={[Function]}
            />
          </span>
          <span>
            <button
              className="square"
              onClick={[Function]}
            />
          </span>
          <span>
            <button
              className="square"
              onClick={[Function]}
            />
          </span>
          <span>
            <button
              className="square"
              onClick={[Function]}
            />
          </span>
        </div>
        <div
          className="board-row"
        >
          <span>
            <button
              className="square"
              onClick={[Function]}
            />
          </span>
          <span>
            <button
              className="square"
              onClick={[Function]}
            />
          </span>
          <span>
            <button
              className="square"
              onClick={[Function]}
            />
          </span>
          <span>
            <button
              className="square"
              onClick={[Function]}
            />
          </span>
          <span>
            <button
              className="square"
              onClick={[Function]}
            />
          </span>
          <span>
            <button
              className="square"
              onClick={[Function]}
            />
          </span>
          <span>
            <button
              className="square"
              onClick={[Function]}
            />
          </span>
          <span>
            <button
              className="square"
              onClick={[Function]}
            />
          </span>
          <span>
            <button
              className="square"
              onClick={[Function]}
            />
          </span>
          <span>
            <button
              className="square"
              onClick={[Function]}
            />
          </span>
          <span>
            <button
              className="square"
              onClick={[Function]}
            />
          </span>
          <span>
            <button
              className="square"
              onClick={[Function]}
            />
          </span>
          <span>
            <button
              className="square"
              onClick={[Function]}
            />
          </span>
        </div>
        <div
          className="board-row"
        >
          <span>
            <button
              className="square"
              onClick={[Function]}
            />
          </span>
          <span>
            <button
              className="square"
              onClick={[Function]}
            />
          </span>
          <span>
            <button
              className="square"
              onClick={[Function]}
            />
          </span>
          <span>
            <button
              className="square"
              onClick={[Function]}
            />
          </span>
          <span>
            <button
              className="square"
              onClick={[Function]}
            />
          </span>
          <span>
            <button
              className="square"
              onClick={[Function]}
            />
          </span>
          <span>
            <button
              className="square"
              onClick={[Function]}
            />
          </span>
          <span>
            <button
              className="square"
              onClick={[Function]}
            />
          </span>
          <span>
            <button
              className="square"
              onClick={[Function]}
            />
          </span>
          <span>
            <button
              className="square"
              onClick={[Function]}
            />
          </span>
          <span>
            <button
              className="square"
              onClick={[Function]}
            />
          </span>
          <span>
            <button
              className="square"
              onClick={[Function]}
            />
          </span>
          <span>
            <button
              className="square"
              onClick={[Function]}
            />
          </span>
        </div>
        <div
          className="board-row"
        >
          <span>
            <button
              className="square"
              onClick={[Function]}
            />
          </span>
          <span>
            <button
              className="square"
              onClick={[Function]}
            />
          </span>
          <span>
            <button
              className="square"
              onClick={[Function]}
            />
          </span>
          <span>
            <button
              className="square"
              onClick={[Function]}
            />
          </span>
          <span>
            <button
              className="square"
              onClick={[Function]}
            />
          </span>
          <span>
            <button
              className="square"
              onClick={[Function]}
            />
          </span>
          <span>
            <button
              className="square"
              onClick={[Function]}
            />
          </span>
          <span>
            <button
              className="square"
              onClick={[Function]}
            />
          </span>
          <span>
            <button
              className="square"
              onClick={[Function]}
            />
          </span>
          <span>
            <button
              className="square"
              onClick={[Function]}
            />
          </span>
          <span>
            <button
              className="square"
              onClick={[Function]}
            />
          </span>
          <span>
            <button
              className="square"
              onClick={[Function]}
            />
          </span>
          <span>
            <button
              className="square"
              onClick={[Function]}
            />
          </span>
        </div>
        <div
          className="board-row"
        >
          <span>
            <button
              className="square"
              onClick={[Function]}
            />
          </span>
          <span>
            <button
              className="square"
              onClick={[Function]}
            />
          </span>
          <span>
            <button
              className="square"
              onClick={[Function]}
            />
          </span>
          <span>
            <button
              className="square"
              onClick={[Function]}
            />
          </span>
          <span>
            <button
              className="square"
              onClick={[Function]}
            />
          </span>
          <span>
            <button
              className="square"
              onClick={[Function]}
            />
          </span>
          <span>
            <button
              className="square"
              onClick={[Function]}
            />
          </span>
          <span>
            <button
              className="square"
              onClick={[Function]}
            />
          </span>
          <span>
            <button
              className="square"
              onClick={[Function]}
            />
          </span>
          <span>
            <button
              className="square"
              onClick={[Function]}
            />
          </span>
          <span>
            <button
              className="square"
              onClick={[Function]}
            />
          </span>
          <span>
            <button
              className="square"
              onClick={[Function]}
            />
          </span>
          <span>
            <button
              className="square"
              onClick={[Function]}
            />
          </span>
        </div>
        <div
          className="board-row"
        >
          <span>
            <button
              className="square"
              onClick={[Function]}
            />
          </span>
          <span>
            <button
              className="square"
              onClick={[Function]}
            />
          </span>
          <span>
            <button
              className="square"
              onClick={[Function]}
            />
          </span>
          <span>
            <button
              className="square"
              onClick={[Function]}
            />
          </span>
          <span>
            <button
              className="square"
              onClick={[Function]}
            />
          </span>
          <span>
            <button
              className="square"
              onClick={[Function]}
            />
          </span>
          <span>
            <button
              className="square"
              onClick={[Function]}
            />
          </span>
          <span>
            <button
              className="square"
              onClick={[Function]}
            />
          </span>
          <span>
            <button
              className="square"
              onClick={[Function]}
            />
          </span>
          <span>
            <button
              className="square"
              onClick={[Function]}
            />
          </span>
          <span>
            <button
              className="square"
              onClick={[Function]}
            />
          </span>
          <span>
            <button
              className="square"
              onClick={[Function]}
            />
          </span>
          <span>
            <button
              className="square"
              onClick={[Function]}
            />
          </span>
        </div>
        <div
          className="board-row"
        >
          <span>
            <button
              className="square"
              onClick={[Function]}
            />
          </span>
          <span>
            <button
              className="square"
              onClick={[Function]}
            />
          </span>
          <span>
            <button
              className="square"
              onClick={[Function]}
            />
          </span>
          <span>
            <button
              className="square"
              onClick={[Function]}
            />
          </span>
          <span>
            <button
              className="square"
              onClick={[Function]}
            />
          </span>
          <span>
            <button
              className="square"
              onClick={[Function]}
            />
          </span>
          <span>
            <button
              className="square"
              onClick={[Function]}
            />
          </span>
          <span>
            <button
              className="square"
              onClick={[Function]}
            />
          </span>
          <span>
            <button
              className="square"
              onClick={[Function]}
            />
          </span>
          <span>
            <button
              className="square"
              onClick={[Function]}
            />
          </span>
          <span>
            <button
              className="square"
              onClick={[Function]}
            />
          </span>
          <span>
            <button
              className="square"
              onClick={[Function]}
            />
          </span>
          <span>
            <button
              className="square"
              onClick={[Function]}
            />
          </span>
        </div>
        <div
          className="board-row"
        >
          <span>
            <button
              className="square"
              onClick={[Function]}
            />
          </span>
          <span>
            <button
              className="square"
              onClick={[Function]}
            />
          </span>
          <span>
            <button
              className="square"
              onClick={[Function]}
            />
          </span>
          <span>
            <button
              className="square"
              onClick={[Function]}
            />
          </span>
          <span>
            <button
              className="square"
              onClick={[Function]}
            />
          </span>
          <span>
            <button
              className="square"
              onClick={[Function]}
            />
          </span>
          <span>
            <button
              className="square"
              onClick={[Function]}
            />
          </span>
          <span>
            <button
              className="square"
              onClick={[Function]}
            />
          </span>
          <span>
            <button
              className="square"
              onClick={[Function]}
            />
          </span>
          <span>
            <button
              className="square"
              onClick={[Function]}
            />
          </span>
          <span>
            <button
              className="square"
              onClick={[Function]}
            />
          </span>
          <span>
            <button
              className="square"
              onClick={[Function]}
            />
          </span>
          <span>
            <button
              className="square"
              onClick={[Function]}
            />
          </span>
        </div>
        <div
          className="board-row"
        >
          <span>
            <button
              className="square"
              onClick={[Function]}
            />
          </span>
          <span>
            <button
              className="square"
              onClick={[Function]}
            />
          </span>
          <span>
            <button
              className="square"
              onClick={[Function]}
            />
          </span>
          <span>
            <button
              className="square"
              onClick={[Function]}
            />
          </span>
          <span>
            <button
              className="square"
              onClick={[Function]}
            />
          </span>
          <span>
            <button
              className="square"
              onClick={[Function]}
            />
          </span>
          <span>
            <button
              className="square"
              onClick={[Function]}
            />
          </span>
          <span>
            <button
              className="square"
              onClick={[Function]}
            />
          </span>
          <span>
            <button
              className="square"
              onClick={[Function]}
            />
          </span>
          <span>
            <button
              className="square"
              onClick={[Function]}
            />
          </span>
          <span>
            <button
              className="square"
              onClick={[Function]}
            />
          </span>
          <span>
            <button
              className="square"
              onClick={[Function]}
            />
          </span>
          <span>
            <button
              className="square"
              onClick={[Function]}
            />
          </span>
        </div>
        <div
          className="board-row"
        >
          <span>
            <button
              className="square"
              onClick={[Function]}
            />
          </span>
          <span>
            <button
              className="square"
              onClick={[Function]}
            />
          </span>
          <span>
            <button
              className="square"
              onClick={[Function]}
            />
          </span>
          <span>
            <button
              className="square"
              onClick={[Function]}
            />
          </span>
          <span>
            <button
              className="square"
              onClick={[Function]}
            />
          </span>
          <span>
            <button
              className="square"
              onClick={[Function]}
            />
          </span>
          <span>
            <button
              className="square"
              onClick={[Function]}
            />
          </span>
          <span>
            <button
              className="square"
              onClick={[Function]}
            />
          </span>
          <span>
            <button
              className="square"
              onClick={[Function]}
            />
          </span>
          <span>
            <button
              className="square"
              onClick={[Function]}
            />
          </span>
          <span>
            <button
              className="square"
              onClick={[Function]}
            />
          </span>
          <span>
            <button
              className="square"
              onClick={[Function]}
            />
          </span>
          <span>
            <button
              className="square"
              onClick={[Function]}
            />
          </span>
        </div>
        <div
          className="board-row"
        >
          <span>
            <button
              className="square"
              onClick={[Function]}
            />
          </span>
          <span>
            <button
              className="square"
              onClick={[Function]}
            />
          </span>
          <span>
            <button
              className="square"
              onClick={[Function]}
            />
          </span>
          <span>
            <button
              className="square"
              onClick={[Function]}
            />
          </span>
          <span>
            <button
              className="square"
              onClick={[Function]}
            />
          </span>
          <span>
            <button
              className="square"
              onClick={[Function]}
            />
          </span>
          <span>
            <button
              className="square"
              onClick={[Function]}
            />
          </span>
          <span>
            <button
              className="square"
              onClick={[Function]}
            />
          </span>
          <span>
            <button
              className="square"
              onClick={[Function]}
            />
          </span>
          <span>
            <button
              className="square"
              onClick={[Function]}
            />
          </span>
          <span>
            <button
              className="square"
              onClick={[Function]}
            />
          </span>
          <span>
            <button
              className="square"
              onClick={[Function]}
            />
          </span>
          <span>
            <button
              className="square"
              onClick={[Function]}
            />
          </span>
        </div>
        <div
          className="board-row"
        >
          <span>
            <button
              className="square"
              onClick={[Function]}
            />
          </span>
          <span>
            <button
              className="square"
              onClick={[Function]}
            />
          </span>
          <span>
            <button
              className="square"
              onClick={[Function]}
            />
          </span>
          <span>
            <button
              className="square"
              onClick={[Function]}
            />
          </span>
          <span>
            <button
              className="square"
              onClick={[Function]}
            />
          </span>
          <span>
            <button
              className="square"
              onClick={[Function]}
            />
          </span>
          <span>
            <button
              className="square"
              onClick={[Function]}
            />
          </span>
          <span>
            <button
              className="square"
              onClick={[Function]}
            />
          </span>
          <span>
            <button
              className="square"
              onClick={[Function]}
            />
          </span>
          <span>
            <button
              className="square"
              onClick={[Function]}
            />
          </span>
          <span>
            <button
              className="square"
              onClick={[Function]}
            />
          </span>
          <span>
            <button
              className="square"
              onClick={[Function]}
            />
          </span>
          <span>
            <button
              className="square"
              onClick={[Function]}
            />
          </span>
        </div>
        <div
          className="board-row"
        >
          <span>
            <button
              className="square"
              onClick={[Function]}
            />
          </span>
          <span>
            <button
              className="square"
              onClick={[Function]}
            />
          </span>
          <span>
            <button
              className="square"
              onClick={[Function]}
            />
          </span>
          <span>
            <button
              className="square"
              onClick={[Function]}
            />
          </span>
          <span>
            <button
              className="square"
              onClick={[Function]}
            />
          </span>
          <span>
            <button
              className="square"
              onClick={[Function]}
            />
          </span>
          <span>
            <button
              className="square"
              onClick={[Function]}
            />
          </span>
          <span>
            <button
              className="square"
              onClick={[Function]}
            />
          </span>
          <span>
            <button
              className="square"
              onClick={[Function]}
            />
          </span>
          <span>
            <button
              className="square"
              onClick={[Function]}
            />
          </span>
          <span>
            <button
              className="square"
              onClick={[Function]}
            />
          </span>
          <span>
            <button
              className="square"
              onClick={[Function]}
            />
          </span>
          <span>
            <button
              className="square"
              onClick={[Function]}
            />
          </span>
        </div>
      </div>
    </div>
    <div
      className="game-info"
    >
      <div>
        Next player: X
      </div>
      <ol>
        <li>
          <button
            onClick={[Function]}
          >
            Go to game start
          </button>
        </li>
      </ol>
    </div>
  </div>
</div>
`;
